 THIS SOFTWARE AND ANY ACCOMPANYING DOCUMENTATION
 IS RELEASED "AS IS".  THE U.S. GOVERNMENT MAKES NO
 WARRANTY OF ANY KIND, EXPRESS OR IMPLIED, CONCERNING
 THIS SOFTWARE AND ANY ACCOMPANYING DOCUMENTATION,
 INCLUDING, WITHOUT LIMITATION, ANY WARRANTIES OF
 MERCHANTABILITY OR FITNESS FOR A PARTICULAR PURPOSE.
 IN NO EVENT WILL THE U.S. GOVERNMENT BE LIABLE FOR ANY
 DAMAGES, INCLUDING LOST PROFITS, LOST SAVINGS OR OTHER
 INCIDENTAL OR CONSEQUENTIAL DAMAGES ARISING OUT OF THE 
 USE, OR INABILITY TO USE, THIS SOFTWARE OR ANY
 ACCOMPANYING DOCUMENTATION, EVEN IF INFORMED IN ADVANCE
 OF THE POSSIBILITY OF SUCH DAMAGES.
  ****************************************************
  *    USAF STABILITY AND CONTROL  DIGITAL DATCOM    *
  *    PROGRAM REV. JAN 96   DIRECT INQUIRIES TO:    *
  *    WRIGHT LABORATORY  (WL/FIGC)  ATTN: W. BLAKE  *
  *      WRIGHT PATTERSON AFB, OHIO  45433           *
  *    PHONE (513) 255-6764,   FAX (513) 258-4054    *
  ****************************************************
 Preparing to start the big loop
 At 1000
1                         CONERR - INPUT ERROR CHECKING
0 ERROR CODES - N* DENOTES THE NUMBER OF OCCURENCES OF EACH ERROR
0 A - UNKNOWN VARIABLE NAME
0 B - MISSING EQUAL SIGN FOLLOWING VARIABLE NAME
0 C - NON-ARRAY VARIABLE HAS AN ARRAY ELEMENT DESIGNATION - (N)
0 D - NON-ARRAY VARIABLE HAS MULTIPLE VALUES ASSIGNED
0 E - ASSIGNED VALUES EXCEED ARRAY DIMENSION
0 F - SYNTAX ERROR

0******************************  INPUT DATA CARDS  ******************************

 CASEID ----- AERIS -----                                                        
  $FLTCON NMACH=1.0,MACH(1)=0.6,NALPHA=10.0,                                     
   ALSCHD(1)=-4.0,-2.0,0.0,2.0,4.0,6.0,8.0,10.0,12.0,14.0,                       
   NALT=1.0,ALT(1)=5000.0,WT=12716.0,LOOP=1.$                                    
  $SYNTHS XCG=11.17,ZCG=0.0,XW=3.63,ZW=0.42,                                     
   ALIW=1.0,XH=28.73,ZH=5.24,ALIH=0.0,XV=18.3,ZV=0.0$                            
  $OPTINS SREF=243.0$                                                            
  $BODY NX=8.0,X(1)=0.0,0.74,8.35,13.14,19.35,24.41,28.41,30.77,                 
   S(1)=5.19,9.32,16.89,16.89,15.94,11.12,5.85,2.5$                              
  $WGSCHR TOVC=1.0,DELTAY=1.0,XOVC=1.0,CLI=1.0,ALPHAI=1.0,                       
   CMO=1.0,LERI=1.0,LERO=1.0,TOVCO=1.0,CMOT=1.0,CLMAXL=1.0,                      
   CLAMO=1.0,TCEFF=1.0,KSHARP=1.0,SLOPE=1.0,YCM=1.0,CLD=1.0$                     
  $WGPLNF CHRDTP=7.02,SSPNOP=11.32,SSPNE=13.41,SSPN=15.71,                       
   CHRDBP=8.4,CHRDR=14.0,SAVSI=45.0,SAVSO=45.0,CHSTAT=0.25,                      
   TWISTA=0.0,DHDADI=-3.0,DHDADO=-3.0,TYPE=1.0$                                  
 NACA-H-6-66-009                                                                 
  $HTPLNF CHRDTP=1.86,SSPNE=5.42,SSPN=5.43,CHRDR=4.69,                           
   SAVSI=45.0,CHSTAT=0.25,TYPE=1.0$                                              
 NACA-V-6-66-009                                                                 
  $VTPLNF CHRDTP=3.76,SSPNE=6.05,SSPN=8.18,                                      
   CHRDR=12.47,SAVSI=55.0,CHSTAT=0.25,TYPE=1.0$                                  
 DIM FT                                                                          
 BUILD                                                                           
 PLOT                                                                            
 NEXT CASE                                                                       
1          THE FOLLOWING IS A LIST OF ALL INPUT CARDS FOR THIS CASE.
0
 CASEID ----- AERIS -----                                                        
  $FLTCON NMACH=1.0,MACH(1)=0.6,NALPHA=10.0,                                     
   ALSCHD(1)=-4.0,-2.0,0.0,2.0,4.0,6.0,8.0,10.0,12.0,14.0,                       
   NALT=1.0,ALT(1)=5000.0,WT=12716.0,LOOP=1.$                                    
  $SYNTHS XCG=11.17,ZCG=0.0,XW=3.63,ZW=0.42,                                     
   ALIW=1.0,XH=28.73,ZH=5.24,ALIH=0.0,XV=18.3,ZV=0.0$                            
  $OPTINS SREF=243.0$                                                            
  $BODY NX=8.0,X(1)=0.0,0.74,8.35,13.14,19.35,24.41,28.41,30.77,                 
   S(1)=5.19,9.32,16.89,16.89,15.94,11.12,5.85,2.5$                              
  $WGSCHR TOVC=1.0,DELTAY=1.0,XOVC=1.0,CLI=1.0,ALPHAI=1.0,                       
   CMO=1.0,LERI=1.0,LERO=1.0,TOVCO=1.0,CMOT=1.0,CLMAXL=1.0,                      
   CLAMO=1.0,TCEFF=1.0,KSHARP=1.0,SLOPE=1.0,YCM=1.0,CLD=1.0$                     
  $WGPLNF CHRDTP=7.02,SSPNOP=11.32,SSPNE=13.41,SSPN=15.71,                       
   CHRDBP=8.4,CHRDR=14.0,SAVSI=45.0,SAVSO=45.0,CHSTAT=0.25,                      
   TWISTA=0.0,DHDADI=-3.0,DHDADO=-3.0,TYPE=1.0$                                  
 NACA-H-6-66-009                                                                 
  $HTPLNF CHRDTP=1.86,SSPNE=5.42,SSPN=5.43,CHRDR=4.69,                           
   SAVSI=45.0,CHSTAT=0.25,TYPE=1.0$                                              
 NACA-V-6-66-009                                                                 
  $VTPLNF CHRDTP=3.76,SSPNE=6.05,SSPN=8.18,                                      
   CHRDR=12.47,SAVSI=55.0,CHSTAT=0.25,TYPE=1.0$                                  
 DIM FT                                                                          
 BUILD                                                                           
 PLOT                                                                            
 NEXT CASE                                                                       
0 INPUT DIMENSIONS ARE IN FT, SCALE FACTOR IS 1.0000

 Return to main program from M01O01
1                             AUTOMATED STABILITY AND CONTROL METHODS PER APRIL 1976 VERSION OF DATCOM   
                                                   HORIZONTAL TAIL SECTION DEFINITION
0                                 IDEAL ANGLE OF ATTACK =   0.00000 DEG.

                              ZERO LIFT ANGLE OF ATTACK =  -0.00000 DEG.

                                 IDEAL LIFT COEFFICIENT =   0.00000

                  ZERO LIFT PITCHING MOMENT COEFFICIENT =   0.00000

                             MACH ZERO LIFT-CURVE-SLOPE =   0.09870 /DEG.

                                    LEADING EDGE RADIUS =   0.00559 FRACTION CHORD

                              MAXIMUM AIRFOIL THICKNESS =   0.09000 FRACTION CHORD

                                                DELTA-Y =   1.52747 PERCENT CHORD


0                         MACH= 0.6000 LIFT-CURVE-SLOPE =   0.12143 /DEG.      XAC =   0.26444
1                             AUTOMATED STABILITY AND CONTROL METHODS PER APRIL 1976 VERSION OF DATCOM   
                                                    VERTICAL TAIL SECTION DEFINITION
0                                 IDEAL ANGLE OF ATTACK =   0.00000 DEG.

                              ZERO LIFT ANGLE OF ATTACK =  -0.00000 DEG.

                                 IDEAL LIFT COEFFICIENT =   0.00000

                  ZERO LIFT PITCHING MOMENT COEFFICIENT =   0.00000

                             MACH ZERO LIFT-CURVE-SLOPE =   0.09870 /DEG.

                                    LEADING EDGE RADIUS =   0.00559 FRACTION CHORD

                              MAXIMUM AIRFOIL THICKNESS =   0.09000 FRACTION CHORD

                                                DELTA-Y =   1.52747 PERCENT CHORD


0                         MACH= 0.6000 LIFT-CURVE-SLOPE =   0.12143 /DEG.      XAC =   0.26444
 Return to main program from M50O62
 Return to main program from M02O02
 Return to main program from M51O63
 WARNING - DUPLICATE X VALUES AT X =  1.0000000E+30 IN TBFUNX, CALLED FROM WBLIFT   FOR FIGURE CLINT   
 WARNING - DUPLICATE X VALUES AT X =  1.0000000E+30 IN TBFUNX, CALLED FROM WBLIFT   FOR FIGURE CLINT   
 WARNING - DUPLICATE X VALUES AT X =  1.0000000E+30 IN TBFUNX, CALLED FROM WBLIFT   FOR FIGURE CLINT   
 WARNING - DUPLICATE X VALUES AT X =  1.0000000E+30 IN TBFUNX, CALLED FROM WBLIFT   FOR FIGURE CLINT   
